BLACKSTRING STAGE 4AO-D13 MATRIX-FREE KO-STABILIZED FOURIER MODES
date=2026-07-29
base_commit=a09a3d8
production_equations_changed=false
production_KO_changed=false
production_gauge_changed=false
production_boundary_changed=false
production_hot_path_changed=false

CONFIGURATION
Lz=8
x_in=0.5
x_out=4.5
Nx=32
Nz=64
dx=0.125
dz=0.125
CFL=0.05
dt=0.00625
ko_sigma=0.3
k_values=pi/4,pi/2
epsilon_values=1e-8,5e-9
seeds=d12_physical,smooth_bulk,inner_localized
primary_iteration_cap=78
total_action_cap_per_seed=80

ACTION
Each tangent action resets valid cells to exact GP plus or minus epsilon times
the normalized radial Fourier vector, performs the real
GRAMRLevel::advance, evaluates fixture-only constraints, subtracts the
signed states, and projects the result back to the requested Fourier parity.
The production lifecycle in each signed step is framework periodic exchange,
project radial ghost fill, direct target-d=4 RHS, live gauge, fixed lapse
source, sigma=0.3 KO, outer valid-surface RHS override, locked four-stage RK,
and cleanup after each update. The signed difference cancels discrete GP
background drift.

SEQUENCE RESULTS
k         seed             iters local  lambda       Omega       overlap      eps_profile  eps_lambda   norm_rate  parity     harmonic    Nyquist    bdy6       xmax     H/state Mx/state Mz/state
pi/4      d12_physical       56  yes  1.01116881   1.777104    0.9992098    5.70e-8      2.25e-9     0.0163     3.53e-9   9.59e-17    5.72e-5    0.00567    1.1875   3.063   1.135    0.266
pi/4      smooth_bulk        47  yes  1.01233635   1.961740    0.9991265    6.14e-8      1.94e-9     0.108      2.91e-9   5.10e-16    1.14e-6    0.000186   2.3125   0.843   0.557    0.325
pi/4      inner_localized    78  no   1.01096771   1.745280    0.9975269    6.41e-8      1.97e-8     0.451      2.62e-9   8.17e-17    7.35e-3    0.598      0.5625   4.107   0.472    0.534
pi/2      d12_physical       62  yes  1.00997491   1.588078    0.9991490    8.58e-8      3.36e-9     0.0716     3.69e-9   2.11e-16    4.10e-5    0.0243     1.1875   2.870   1.083    0.517
pi/2      smooth_bulk        49  yes  1.01207510   1.920445    0.9991796    8.78e-8      3.94e-9     0.144      4.04e-9   2.58e-16    5.44e-7    0.000360   2.3125   0.808   0.485    0.414
pi/2      inner_localized    78  no   1.01312047   2.085622    0.9976023    6.89e-8      2.45e-9     0.367      4.04e-9   4.71e-17    7.57e-3    0.627      0.5625   3.811   0.427    0.672

CROSS-SEED GATE
k=pi/4 best_profile_overlap=0.584609 best_rate_difference=0.0941181 pass=false
k=pi/2 best_profile_overlap=0.557240 best_rate_difference=0.173068 pass=false

SELECTED OVERLAP/RATE HISTORY
pi/4 d12_physical: i1=(Omega 1.831,overlap .99620),
i10=(5.429,.99898), i20=(3.755,.99940), i30=(2.441,.99936),
i40=(1.959,.99930), i50=(1.815,.99925), terminal=(1.777,.99921).
pi/4 smooth_bulk: i1=(2.474,.99176), i10=(6.029,.99869),
i20=(3.840,.99924), i30=(2.511,.99926), i40=(1.960,.99915),
terminal=(1.962,.99913).
pi/4 inner_localized: i1=(13.975,.93375), i10=(11.340,.99853),
i20=(5.024,.99873), i30=(2.596,.99869), i40=(0.485,.99843),
i50=(-1.558,.99829), i60=(-5.052,.99843), i70=(-4.081,.99557),
terminal=(1.745,.99753).
pi/2 d12_physical: i1=(1.576,.99640), i10=(5.238,.99896),
i20=(3.706,.99940), i30=(2.403,.99936), i40=(1.886,.99930),
i50=(1.692,.99925), i60=(1.600,.99917), terminal=(1.588,.99915).
pi/2 smooth_bulk: i1=(2.403,.99137), i10=(6.295,.99864),
i20=(3.999,.99925), i30=(2.609,.99929), i40=(2.003,.99919),
terminal=(1.920,.99918).
pi/2 inner_localized: i1=(14.051,.93207), i10=(11.380,.99854),
i20=(5.051,.99875), i30=(2.615,.99872), i40=(0.434,.99848),
i50=(-1.785,.99833), i60=(-5.447,.99835), i70=(-3.585,.99509),
terminal=(2.086,.99760).

ALL-18 RAW COMPONENT NORM FRACTIONS
column_order=chi,hxx,hxz,hzz,hww,K,Axx,Axz,Azz,Aww,Theta,GammaX,GammaZ,lapse,shiftX,shiftZ,Bx,Bz
pi/4 d12_physical=0.00317149,0.0333499,0.000614873,0.00586373,0.00286461,0.432621,0.0581931,0.00324106,0.00368728,0.00361512,0.102120,0.237440,0.00482727,0.0000581883,0.00159871,0.0000811886,0.102215,0.00443685
pi/4 smooth_bulk=0.00156873,0.0159400,0.00544036,0.0338505,0.0159705,0.202553,0.0293940,0.00593159,0.0181613,0.00680186,0.0211089,0.342974,0.0704047,0.00657578,0.0102965,0.0148316,0.173007,0.0251902
pi/4 inner_localized=0.000918092,0.0101907,0.00544564,0.00817801,0.00758898,0.286394,0.0650463,0.0101926,0.0262293,0.00877506,0.0489053,0.265249,0.0981511,0.00738524,0.00432206,0.00615685,0.123127,0.0177452
pi/2 d12_physical=0.00297708,0.0262961,0.00158652,0.00443123,0.00233015,0.436866,0.0368188,0.0134630,0.00207209,0.00237613,0.101945,0.235734,0.00861322,0.0000523984,0.00193466,0.000253840,0.109394,0.0128568
pi/2 smooth_bulk=0.00169864,0.0125719,0.00196978,0.0399333,0.0155511,0.220006,0.0261729,0.00922752,0.00859326,0.00577143,0.0212375,0.347352,0.0664913,0.00735300,0.00792172,0.0130958,0.170817,0.0242359
pi/2 inner_localized=0.00124086,0.00705729,0.00280846,0.0140620,0.00794521,0.265442,0.0528839,0.0220188,0.0290973,0.0106253,0.0502586,0.268709,0.0974317,0.00572540,0.00417272,0.00538559,0.139365,0.0157704

PROFILE AND MODE GATE
The fixture emits the normalized 18-component radial profile at all 32
cell centers for every terminal sequence. The locally aligned D12 profiles
peak at x=1.1875; smooth-bulk profiles peak at x=2.3125; inner-localized
profiles peak at the first valid cell x=0.5625. The first/last three-cell
energy fractions above demonstrate that the capped inner sequences are
boundary dominated. Nonzero per-component amplifications also differ, so the
fields do not share a common eigenvalue. Raw versus GP-field-scaled L2 rate
differences are 1.63-45.1 percent. Normalized linearized constraints are not
uniformly small.

EFFICIENCY
tangent_actions=382
signed_live_steps=764
rhs_stages=3056
valid_cell_rhs_evaluations=6258688
wall_seconds=29.023897402
peak_rss_kib=17088
seconds_per_tangent_action=0.0759787890

HOT_PATH
direct_target_d4_evaluations_per_cell_stage=1
fused_ko_additions_per_cell_stage=1
second_rhs_evaluations=0
production_logging_added=0
production_allocations_added=0
production_counters_added=0
production_transforms_added=0

CLASSIFICATION
NONNORMAL_OR_NO_CONVERGED_MODE

No candidate is identified as the physical GL mode. No critical-wavenumber
inference is made, and the k scan remains suspended.
