BLACKSTRING ADAPTIVE FOURIER K-SCAN
INTERPRETATION_CORRECTION=INCONCLUSIVE_TRANSIENT_EVIDENCE
The preserved amplitudes rise initially and turn over near t=0.3-0.4 before
decaying. The negative late-window fits below are mathematical fit signs,
not physical stability classifications. They supersede neither a late-time
eigenmode analysis nor support any inference that k_cr*r0 is above or below
0.75.
date=2026-07-28
base_commit=0d28d8d
base_worktree=clean
scope=fixture-only
production_evolution_changed=false
radial_boundary_changed=false

POLICY
requested_screen_k=0.82,0.86,0.90,0.94
allowed_added_k=0.78,0.75
mode=fundamental
x_out=4.5
requested_dx=0.125
CFL=0.05
final_time=0.8
fit_windows=[0.2,0.8],[0.3,0.8],[0.4,0.8]
robust_sign=all-window agreement and abs(Omega)>=3*SE
leakage_ratio_minimum=1.0e6
hard_evolution_limit=24

CONFIGURATION
k     Lz                Nx  Nz  dx=dz
0.75  8.377580409572781 32  68  0.123199711905482
0.78  8.055365778435366 32  64  0.125865090288053
0.82  7.662421106316569 32  60  0.127707018438609
0.86  7.306029426953008 32  60  0.121767157115883
0.90  6.981317007977318 32  56  0.124666375142452
0.94  6.684239688488922 32  52  0.128543070932479

PHASE-NEUTRAL NORMALIZED AMPLITUDE HISTORY
k     target_t  sampled_t          a_k/epsilon       phase
0.75  0.0       0.000000000000e+00 1.081296274703e-01  3.141592653590e+00
0.75  0.2       1.971195390488e-01 1.141050844297e-01 -3.141592568803e+00
0.75  0.4       3.942390780975e-01 1.149284960466e-01  3.141592480216e+00
0.75  0.6       5.913586171463e-01 9.524091018441e-02  3.141592182340e+00
0.75  0.8       8.007981273856e-01 4.076906471568e-02  3.141590829899e+00
0.78  0.0       0.000000000000e+00 1.069915849159e-01 -3.141592653590e+00
0.78  0.2       2.013841444609e-01 1.128384946128e-01  3.141592576258e+00
0.78  0.4       4.027682889218e-01 1.169242531485e-01  3.141592487465e+00
0.78  0.6       6.041524333827e-01 9.961993271583e-02 -3.141592258387e+00
0.78  0.8       8.055365778435e-01 4.663283535445e-02 -3.141591547254e+00
0.82  0.0       0.000000000000e+00 1.092781716380e-01  3.141592653590e+00
0.82  0.2       2.043312295018e-01 1.152481278065e-01  3.141592575533e+00
0.82  0.4       4.086624590036e-01 1.138678235130e-01  3.141592505487e+00
0.82  0.6       6.129936885053e-01 8.876976305723e-02 -3.141592343039e+00
0.82  0.8       8.045542161632e-01 3.607441908916e-02 -3.141590937786e+00
0.86  0.0       0.000000000000e+00 1.058501520970e-01  3.141592653590e+00
0.86  0.2       1.948274513854e-01 1.113759573111e-01 -3.141592552371e+00
0.86  0.4       3.896549027708e-01 1.162253455615e-01  3.141592477441e+00
0.86  0.6       5.844823541562e-01 1.025235323341e-01  3.141592334522e+00
0.86  0.8       8.036632369648e-01 4.769568164769e-02  3.141591389377e+00
0.90  0.0       0.000000000000e+00 1.075107535472e-01 -3.141592653590e+00
0.90  0.2       1.994662002279e-01 1.129396648391e-01  3.141592572464e+00
0.90  0.4       3.989324004558e-01 1.142414365528e-01 -3.141592460101e+00
0.90  0.6       5.983986006838e-01 9.432173996914e-02 -3.141592272452e+00
0.90  0.8       7.978648009117e-01 4.245371976319e-02 -3.141591414197e+00
0.94  0.0       0.000000000000e+00 1.089235906710e-01  3.141592653590e+00
0.94  0.2       2.056689134920e-01 1.144678506905e-01 -3.141592561006e+00
0.94  0.4       4.113378269839e-01 1.131038336937e-01 -3.141592480192e+00
0.94  0.6       6.170067404759e-01 8.759746288116e-02 -3.141592220345e+00
0.94  0.8       8.033941933280e-01 3.614894718746e-02  3.141590936069e+00

FIT RESULTS
k     [0.2,0.8] Omega SE R2              [0.3,0.8] Omega SE R2              [0.4,0.8] Omega SE R2
0.75 -1.567546 0.263080 0.780235          -2.018738 0.298047 0.851512          -2.596909 0.341244 0.906124
0.78 -0.896740 0.198956 0.670131          -1.234702 0.227305 0.786699          -1.674741 0.260037 0.873627
0.82 -1.393744 0.249992 0.756586          -1.817977 0.285429 0.835282          -2.360809 0.332775 0.893484
0.86 -1.141078 0.229996 0.711104          -1.535563 0.260803 0.812500          -2.035189 0.301604 0.883572
0.90 -1.589119 0.272929 0.772215          -2.056531 0.309587 0.846529          -2.652568 0.356916 0.902014
0.94 -1.428174 0.257657 0.754445          -1.863920 0.294905 0.833151          -2.422345 0.345111 0.891436

PAIRED FINAL EVIDENCE
k     leakage       seeded/leakage delta_drift delta_H   delta_Mx  delta_Mz
0.75 7.455e-22     5.469e10       2.083e-09   2.086e-08 6.708e-09 1.087e-09
0.78 6.536e-22     7.135e10       2.709e-09   2.073e-08 9.774e-09 1.190e-09
0.82 4.317e-21     8.356e09       2.922e-09   2.794e-08 1.337e-08 1.278e-09
0.86 2.249e-21     2.121e10       1.743e-09   2.005e-08 4.652e-09 1.203e-09
0.90 6.815e-22     6.229e10       2.345e-09   1.808e-08 8.370e-09 1.220e-09
0.94 1.057e-20     3.419e09       2.768e-09   3.455e-08 1.535e-08 1.446e-09

AUTHORITATIVE_RUN
evolutions=12
wall_seconds=24.14
peak_rss_kb=9896
result=AMBIGUOUS
positive_endpoint=NONE
pass2_executed=false
provisional_bracket=NONE

CUMULATIVE_IMPLEMENTATION_BUDGET
successful_evolution_executions=24
hard_limit=24
note=12 authoritative evolutions plus 12 superseded repeated screening executions while repairing and validating the legal grid-rounding runner

CONCLUSION
The tested interval 0.75<=k<=0.94 supplies only robust negative fitted signs.
No bracket, interpolation, asymptotic rate, or k_cr*r0 determination follows.
