MILESTONE_2_PHYSICAL_RADIAL_AND_CONSTRAINT_STRATEGY_PLAN
date=2026-08-03
change_scope=documentation_only
status_authority=research_plan/stage_checklists.md
implementation_started=false
builds_or_numerical_launches=none

milestone_1=CLUSTER_EXECUTION_BASELINE_ACCEPTED
checkpoint_G_engineering=PASS
checkpoint_G_physics=BLOCKED
checkpoint_G_overall=BLOCKED
D12_through_D16=CLOSED_INCONCLUSIVE
automatic_Fourier_scans=false
automatic_dense_spectra=false
automatic_constraint_nullspace_projection=false

objective=replace_provisional_physical_setup_with_one_boundary_independent_constraint_controlled_linear_GL_production_strategy
selected_strategy=CHARACTERISTIC_AWARE_RADIAL_BOUNDARIES_PLUS_DISCRETELY_CONSTRAINT_COMPATIBLE_INITIAL_PERTURBATIONS
not_attempted=full_kcr_r0_scan,nonlinear_evolution,AMR,apparent_horizons,radiation_extraction

STRATEGY_A_RADIAL_BOUNDARIES
boundary_replacement=frozen_coefficient_characteristic_treatment
principal_system=actual_live_CCZ4_and_gauge_around_GP_background
required_inventory=radial_characteristic_fields,coordinate_speeds
required_classification=incoming_and_outgoing_at_inner_and_outer_boundaries
boundary_data_policy=impose_only_on_incoming_characteristic_fields
background_policy=preserve_analytic_GP_exactly_to_truncation_order
compact_boundary=periodic_z_retained
cost_policy=proportional_to_radial_surface_cells
volume_RHS_passes_added=0
per_cell_allocation_logging_runtime_polymorphism=false
inner_excision_gate=complete_relevant_characteristic_set_strict_outflow
inner_location_only_xin_less_than_r0_sufficient=false
inner_fallback=documented_incoming_field_treatment
outer_policy=background_subtracted_radiative_incoming_physical_gauge_constraint_data
outer_componentwise_Sommerfeld_all_stored_fields=false
interior_compatibility=fourth_order_derivatives_and_existing_fused_KO
proof_requirement=explicit_variables_speeds_ownership_approximation_limitations_not_full_nonlinear_proof

STRATEGY_B_CONSTRAINT_COMPATIBLE_PERTURBATION
seed=smooth_parity_compatible_single_k
discrete_match=live_variables,derivatives,domain,radial_boundary_strategy
required_conditions=linearized_Hamiltonian,momentum,determinant,trace_free,validated_Gamma_Z_consistency
tolerance=declared_in_M2_A
evolution_inside_algebraically_projected_nullspace=false
projection_or_correction=initial_data_preparation_only
amplitude_support=linearity,plus_epsilon,minus_epsilon
acceptance_observables=one_robust_bulk_observable,multiple_nonzero_physical_fields
Gamma_Z_helper_policy=validate_helper_or_explicitly_exclude_condition_from_acceptance_claim

M2_A=DESIGN_AND_CONVENTION_LOCK
M2_A_deliverables=exact_18_evolved_variables,exact_gauge_parameters,radial_principal_speed_inventory,characteristic_definitions_or_precise_approximation,inner_outer_classification,discrete_constraint_operator,boundary_interface,seed_interface,expected_cost,failure_and_fallback_decisions
M2_A_implementation_before_review=false
M2_A_classifications=M2-A_DESIGN_READY,M2-A_DESIGN_NOT_READY_WITH_EXACT_MISSING_DERIVATION_OR_HELPER
M2_A_current=M2-A_DESIGN_NOT_READY_LIVE_RADIAL_CHARACTERISTIC_DERIVATION_INNER_OUTER_CLASSIFICATION_AND_VALIDATED_DISCRETE_GAMMA_Z_HELPER_OR_EXPLICIT_EXCLUSION_NOT_LOCKED
M2_A_numerical_launches=0
audit_1=after_M2_A_design_lock

M2_B=PRODUCTION_IMPLEMENTATION
M2_B_diff_policy=smallest_possible_production_diff
M2_B_engineering_gates=exact_GP_finite_and_stable,no_physical_boundary_logic_at_MPI_seams,MPI_rank_independence,checkpoint_restart_intact,one_target_d4_RHS_per_cell_stage,one_fused_KO_addition_per_cell_stage,surface_only_boundary_cost,diagnostics_default_off
M2_B_focused_tests=characteristic_incoming_outgoing_ownership,GP_preservation,manufactured_incoming_outgoing_radial_waves,constraint_compatible_seed_residuals,all_18_slots_and_parity,MPI_seam_and_restart_only_where_shared_code_changed
M2_B_initial_launch_cap=10
audit_2=after_M2_B_implementation_and_focused_boundary_seed_gates

M2_C=SCIENTIFIC_ACCEPTANCE_CAMPAIGN
M2_C_cases=one_likely_unstable_low_k,one_high_k_control,one_unperturbed_GP_control
M2_C_variations=two_resolutions,two_outer_boundary_locations,two_amplitudes_where_needed
M2_C_full_cartesian_sweep=false
M2_C_requirements=common_exponential_rate_across_several_nonzero_physical_fields,phase_neutral_Fourier_amplitude,stable_radial_profile,amplitude_linearity,controlled_linearized_constraints,boundary_location_robustness,resolution_robustness,no_growing_boundary_localized_or_grid_scale_contamination
additional_k_before_M2_C_pass=false
M2_C_launch_cap=12
audit_3=after_M2_C_milestone_closure

REPAIR_CYCLE_POLICY
repair_cycles_after_first_M2_B_limit=2
repair_cycle_launch_cap_each=6
repair_record=failed_acceptance_gate,physical_or_numerical_hypothesis,exact_production_change,bounded_run_count,success_and_stop_criteria
prohibited_failure_response=new_general_spectral_framework,new_dense_eigensolver_campaign,open_ended_parameter_sweep,one_named_stage_per_diagnostic,fixture_only_analysis_without_production_decision
after_two_failed_repairs=STOP_AND_RETURN_TO_HUMAN_ROADMAP_REVIEW

RUN_AND_AUDIT_BUDGETS
M2_A_launch_cap=0
initial_M2_B_and_focused_tests_launch_cap=10
M2_C_acceptance_launch_cap=12
repair_cycle_launch_cap=6_each_maximum_two
milestone_hard_cap=34
audits=M2_A_design_lock,M2_B_implementation_and_focused_gates,M2_C_closure
documentation_only_second_audit=not_required

PERFORMANCE_BUDGETS
RHS_budget=one_full_target_d4_evaluation_per_cell_RK_stage
KO_budget=one_fused_addition
second_full_volume_pass=false
production_spectral_or_fitting_code=false
per_cell_allocation_logging_counters_mutexes_virtual_dispatch=false
radial_boundary_complexity=O_Nz
constraint_correction=once_outside_evolution_hot_path
comparison_baseline=accepted_Milestone_1_runtime_and_memory
slowdown_above_15_percent=explanation_and_approval_required_before_closure

MILESTONE_2_CLASSIFICATION
return_exactly_one=PHYSICAL_RADIAL_AND_CONSTRAINT_STRATEGY_ACCEPTED,PHYSICAL_RADIAL_AND_CONSTRAINT_STRATEGY_PARTIAL,PHYSICAL_RADIAL_AND_CONSTRAINT_STRATEGY_BLOCKED
accepted_requires=characteristic_aware_radial_boundaries_implemented_and_validated,discretely_constraint_compatible_perturbation_prepared,stable_GP_background,at_least_one_boundary_and_resolution_robust_linear_mode_with_compatible_physical_field_rates_and_controlled_constraints
accepted_does_not_require=final_kcr_r0_bracket
current_milestone_classification=NOT_YET_RETURNED

production_code_changes=none
test_or_fixture_changes=none
parameter_changes=none
build_file_changes=none
external_dependency_changes=none
historical_numerical_evidence_changes=none
