MILESTONE_1_CLUSTER_EXECUTION_BASELINE_PLAN
date=2026-07-30
change_scope=documentation_only
status_authority=research_plan/stage_checklists.md
implementation_started=false

d16_status=CLOSED_CONSTRAINT_NULLSPACE_NOT_INVARIANT
open_ended_D_series=FINISHED
checkpoint_G_engineering=PASS
checkpoint_G_physics=BLOCKED
checkpoint_G_overall=BLOCKED
active_work=MILESTONE_1

frozen_CH_SPACEDIM=2
frozen_GR_SPACEDIM=4
frozen_DEFAULT_TENSOR_DIM=4
frozen_state=committed_18_variable_production_core
frozen_ko_sigma=0.3
frozen_background=exact_GP
frozen_compact_z=periodic
frozen_radial_boundary=provisional
frozen_AMR_levels=1
frozen_perturbation=none
frozen_AHFinder=disabled
frozen_diagnostics=disabled_unless_acceptance_test_requires
production_physics_change=only_for_directly_demonstrated_MPI_or_HDF5_defect

M1_A=reproducible_optimized_serial_no_HDF5,MPI_no_HDF5,MPI_with_HDF5
M1_A_deliverables=toolchain_provenance,dependency_commits,flags,executable_hashes,startup_HDF5_checks,clean_build_commands

M1_B=distributed_level_zero_evolution
M1_B_ranks=serial,MPI_1,MPI_2,MPI_4_where_available
M1_B_deliverables=matched_domain_global_resolution,18_fields,global_valid_ownership,field_constraint_drift_equivalence,no_duplicate_work,no_hidden_grid_access

M1_C=distributed_ghosts_and_boundaries
M1_C_deliverables=radial_seams,compact_seams,periodic_rank_exchange,first_second_mixed_derivatives,KO,radial_ownership,radial_periodic_corners,18_components
audit_M1_ABC=after_M1_C
audit_after_M1_A_alone=false

M1_D=HDF5_checkpoint_restart
M1_D_format=existing_Chombo_GRChombo_only
M1_D_deliverables=valid_plot_checkpoint,18_fields,time_timestep_parameters_layout_restored,no_reinitialization,continuous_restart_equivalence,output_provenance

M1_E=performance_and_scaling
M1_E_metrics=RK_step_time,valid_cell_RHS_per_second,peak_RSS_per_rank,total_memory,exposed_communication_time,checkpoint_plot_cost,file_sizes,strong_scaling,weak_scaling
production_budget=one_target_d4_RHS_per_cell_stage,one_fused_KO,no_per_cell_allocation_logging_counters_mutexes,diagnostics_default_off,output_cost_separate

M1_F_classifications=CLUSTER_EXECUTION_BASELINE_ACCEPTED,CLUSTER_EXECUTION_BASELINE_PARTIAL,CLUSTER_EXECUTION_BASELINE_BLOCKED
M1_F_acceptance=MPI_evolution,distributed_ghost_and_physical_boundary_ownership,serial_MPI_equivalence,HDF5,checkpoint_restart,scaling,memory
M1_F_not_required=AMR_refinement,AHFinder,physical_GL_identification,k_cr_r0,nonlinear_pinch_off
audit_M1_closure=after_M1_E

repair_cycle_limit=2_per_stage
numerical_launch_limit=30_before_milestone_review
excluded_work=AMR_refinement,horizons,Fourier,spectral,physical_modes
MPI_policy=use_Chombo_ownership_and_exchange_no_new_abstraction
HDF5_checkpoint_policy=use_existing_formats
test_policy=delta_based_only
evidence_policy=reuse_committed_serial_and_KO
full_suite_policy=only_after_shared_production_core_change
documentation_only_second_audit=not_required

code_changes=none
test_changes=none
parameter_changes=none
build_file_changes=none
historical_numerical_evidence_changes=none
builds_or_numerical_launches=none

M1_A_QUALIFICATION
date=2026-07-30
source_checkpoint=8c7c90a48e1dc924b0988b6ecee1b61c25d49896
classification=M1-A_BLOCKED_TWO_RANK_STARTUP
production_source_changes=none
build_file_changes=none
external_dependency_changes=none
parameter_file_changes=none
abi_separation=XTRACONFIG_per_serial_nohdf_mpi_nohdf_mpi_hdf
build_serial_nohdf=PASS
build_mpi_nohdf=PASS
build_mpi_hdf=PASS
serial_smoke=PASS
mpi_one_rank_smoke=PASS
mpi_two_rank_smoke=FAIL_BOX_ASSERT_INITIAL_RADIAL_GHOST_FILL
mpi_two_rank_process_map=rank0_boxes_0_1_rank1_boxes_2_3
mpi_two_rank_failure=Box_H_2044_index_below_local_box_lower_bound
mpi_two_rank_stage=initialData_fillAllEvolutionGhosts
hdf5_checkpoint_write=PASS
hdf5_structural_open=PASS
hdf5_num_components=18
hdf5_final_bytes=39528
hdf5_final_sha256=5e66c715be611fe593f44dea2cd122720d782ed28a2636735f1f3e24eee2b87a
serial_executable_sha256=f037399a4db71935e5290c3f7a6f33cb8a97e360ba0aeb25beb422786c2b46dc
mpi_nohdf_executable_sha256=111ca7a5523bd2a446e3edcab6c4905473ac9d48c86292ac2037355d9b7d6494
mpi_hdf_executable_sha256=6a3f521cd8d1a05da31aa2eb2807b1780247d2f915e517a36c934e9467360f19
M1_B_may_begin=false

evidence_report=docs/grchombo/milestone1a_cluster_build_qualification.md

M1_A_MPI2_RETRY_PREFLIGHT
date=2026-07-30
launch_count=0
requested_launch_count=1
legal_N1=8
legal_N2=16
legal_L=2
legal_dx=0.125
legal_max_grid_size=8
legal_block_factor=4
legal_box_layout=two_8x8_boxes_split_only_along_periodic_z
legal_radial_cells_per_boundary_box=8
required_radial_closure_cells=5
two_rank_nonempty_box_assignment=available
retry_status=BLOCKED_BEFORE_LAUNCH
blocker=qualified_MPI_noHDF_executable_removed_by_required_artifact_cleanup
rebuild_authorized=false
M1_B_may_begin=false

M1_A_MPI2_LEGAL_RETRY_CLOSURE
date=2026-07-30
production_source_changes=none
build_file_changes=none
external_dependency_changes=none
parameter_file_changes=none
clean_rebuild_count=1
clean_rebuild=PASS
rebuild_configuration=DIM2_GR_SPACEDIM4_DEFAULT_TENSOR_DIM4_OPT_MPI_NOHDF
rebuild_XTRACONFIG=.M1A_MPI_NOHDF
rebuild_executable=code/BlackStringToy/Main_BlackStringToy2d_ch.Linux.64.mpicxx.gfortran-15.OPT.MPI.OPENMPCC.M1A_MPI_NOHDF.ex
rebuild_executable_bytes=1815848
initial_executable_sha256=111ca7a5523bd2a446e3edcab6c4905473ac9d48c86292ac2037355d9b7d6494
rebuilt_executable_sha256=0c732866912a6c0f2f3055e8d1f635e1a6b961f7de08bff81656f0632087f368
hash_difference_cause=locked_Chombo_CHOMBO_VERSION_cpp_embeds___DATE___and___TIME__
linked_library_configuration_match=true
linked_HDF5=false
mpi_two_rank_launch_count=1
mpi_two_rank_launch=PASS
legal_N1=8
legal_N2=16
legal_L=2
legal_dx=0.125
legal_max_grid_size=8
legal_block_factor=4
legal_box_layout=two_8x8_boxes_split_only_along_periodic_z
legal_radial_cells_per_boundary_box=8
required_radial_closure_cells=5
mpi_two_rank_process_map=rank0_box0_rank1_box1
both_ranks_nonempty=true
AMR_define=PASS
all_18_variables_registered=PASS
initialization=PASS
initial_radial_ghost_fill=PASS
live_RK_step=PASS
global_valid_cells_updated=128
mpi_finalize=PASS
invalid_metric_or_NaN_or_assertion_or_deadlock_or_ABI_error=none
radial_boundary_ownership=global_radial_edges_only
historical_interruption_1=initial_MPI2_layout_had_illegal_four_cell_radial_patches
historical_interruption_2=qualified_executable_removed_before_legal_retry
historical_interruptions_are_active_blockers=false
artifact_policy=retain_qualified_executable_until_stage_closure_then_cleanup_or_preserve_hash_and_rebuild_command
classification=M1-A_PASS_MPI_HDF5_BUILD_BASELINE_QUALIFIED
M1_B_may_begin=true

M1_B_DISTRIBUTED_LEVEL_ZERO_EVOLUTION
date=2026-07-31
source_checkpoint=ef3d80e
classification=M1-B_PASS_DISTRIBUTED_LEVEL_ZERO_EVOLUTION_QUALIFIED
production_source_changes=none
build_file_changes=none
parameter_file_changes=none
external_dependency_changes=none
repair_cycles=0
launch_count=4
retry_count=0
configuration=CH_SPACEDIM2_GR_SPACEDIM4_DEFAULT_TENSOR_DIM4
Nx=8
Nz=32
x_in=0.5
x_out=1.5
Lx=1
Lz=4
dx=0.125
dz=0.125
CFL=0.05
dt=0.00625
steps=4
final_time=0.025
max_grid_size=8
block_factor=4
box_layout=(0:7,0:7),(0:7,8:15),(0:7,16:23),(0:7,24:31)
internal_seams=periodic_z_only
radial_cells_per_box=8
radial_closure_required_cells=5
diagnostic_cadence=0
ko_sigma=0.3
serial_processor_map=0,0,0,0
mpi1_processor_map=0,0,0,0
mpi2_processor_map=0,0,1,1
mpi4_processor_map=0,1,2,3
serial_valid_cells_per_rank=256
mpi1_valid_cells_per_rank=256
mpi2_valid_cells_per_rank=128,128
mpi4_valid_cells_per_rank=64,64,64,64
global_valid_cells=256
ownership_min=1
ownership_max=1
AMR_define_all_runs=PASS
all_18_variables_all_runs=PASS
initialization_all_runs=PASS
initial_ghost_refresh_all_runs=PASS
RK4_steps_all_runs=4
RHS_stage_calls_all_runs=16
global_valid_cell_RHS_evaluations=4096
framework_periodic_exchanges_per_rank=17
radial_low_policy_calls_per_rank=17
radial_high_policy_calls_per_rank=17
outer_RHS_policy_calls_per_rank=16
radial_boundary_ownership=global_radial_edges_only
internal_z_seams_treated_as_radial_boundaries=false
hidden_direction_grid_access=false
duplicate_RHS_KO_exchange_or_radial_fill=false
initial_valid_field_sha256=9dc19dfe79f04315e29212e11df289a59cbc3142ab0ec1977a9be054557abc8f
final_valid_field_sha256=b5074985695f8b226d8c9acc1d2ac2a9ef0ae234f0ed51a7fb66e6dad8a3cc49
mpi1_vs_serial_all_18_Linf=0
mpi1_vs_serial_all_18_weighted_L2=0
mpi2_vs_serial_all_18_Linf=0
mpi2_vs_serial_all_18_weighted_L2=0
mpi4_vs_serial_all_18_Linf=0
mpi4_vs_serial_all_18_weighted_L2=0
maximum_GP_background_drift=9.542149349226925e-3
maximum_GP_background_drift_field=K
maximum_GP_background_drift_cell=(0,0)
maximum_determinant_defect=3.330669073875470e-16
maximum_weighted_trace_defect=4.440892098500626e-16
spurious_z_dependence=0
serial_wall_seconds=0.02
serial_peak_RSS_kib=20300
mpi1_wall_seconds=0.25
mpi1_peak_RSS_kib=38792
mpi2_wall_seconds=0.23
mpi2_peak_RSS_kib=38816,38764
mpi4_wall_seconds=0.23
mpi4_peak_RSS_kib=38756,38392,37968,38272
serial_seconds_per_global_valid_cell_RHS=4.8828125e-6
mpi1_seconds_per_global_valid_cell_RHS=6.103515625e-5
mpi2_seconds_per_global_valid_cell_RHS=5.615234375e-5
mpi4_seconds_per_global_valid_cell_RHS=5.615234375e-5
serial_HDF_executable_sha256=e229164ca9e0e2e79da558f79dcf82814b5ff9024b3acce53183d38264d485c6
mpi_HDF_executable_sha256=a99f1fb74d86745e5152a69b4539b833591cfa4bae161ca728a3564e1695aae7
evidence_report=docs/grchombo/milestone1b_distributed_level_zero_evolution.md
M1_C_may_begin=true

M1_C_DISTRIBUTED_GHOST_BOUNDARY_OWNERSHIP
date=2026-07-31
source_checkpoint=1dc0b37
classification=M1-C_PASS_DISTRIBUTED_GHOST_AND_BOUNDARY_OWNERSHIP_QUALIFIED
configuration=CH_SPACEDIM2_GR_SPACEDIM4_DEFAULT_TENSOR_DIM4
production_equation_changes=none
gauge_changes=none
ko_formula_changes=none
radial_boundary_formula_changes=none
external_dependency_changes=none
repair_cycles=1
repair=skip_internal_boxes_before_radial_strip_Box_setBig_setSmall
repair_changes_surface_ownership_only=true
pre_repair_failure=internal_radial_box_Box_setBig_assertion
Nx=32
Nz=32
dx=0.125
dz=0.125
ghost_depth=3
ko_sigma=0.3
global_valid_cells=1024
compact_box_layout=(0:31,0:7),(0:31,8:15),(0:31,16:23),(0:31,24:31)
compact_mpi_owner_map=0,1,0,1
radial_box_layout=(0:7,0:31),(8:15,0:31),(16:23,0:31),(24:31,0:31)
radial_mpi_owner_map=0,0,1,1
combined_box_layout=(0:15,0:15),(0:15,16:31),(16:31,0:15),(16:31,16:31)
combined_mpi_owner_map=0,1,2,3
physical_edge_minimum_radial_cells=8
radial_closure_required_cells=5
serial_reference=PASS
compact_seam_MPI2=PASS
radial_seam_MPI2=PASS
combined_seam_MPI4=PASS
first_x_derivative_seams=PASS_ZERO_ERROR
second_x_derivative_seams=PASS_ZERO_ERROR
first_z_derivative_seams=PASS_ZERO_ERROR
second_z_derivative_seams=PASS_ZERO_ERROR
mixed_xz_seams=PASS_ZERO_ERROR
internal_corner_mixed_xz=PASS_ZERO_ERROR
maximum_KO_x_reference_error=2.664535259514e-16
maximum_KO_z_reference_error=2.664697889426e-16
maximum_KO_mixed_reference_error=2.710505431214e-20
all_18_components=PASS
scalar_even_slots=13
one_z_slots=5
framework_ghost_owner_mismatches=0
radial_ghost_owner_mismatches=0
unfilled_required_ghosts=0
valid_cell_overwrites=0
radial_periodic_corner_order=EXCHANGE_THEN_RADIAL_FILL_PASS
internal_radial_seam_physical_calls=0
internal_compact_seam_physical_calls=0
hidden_direction_accesses=0
mutation_internal_radial_seam_as_physical=REJECTED
mutation_omit_exchange=REJECTED
mutation_omit_KO_component=REJECTED
mutation_hidden_grid_direction=REJECTED
fixture_process_launches=5
completed_launches=4
pre_repair_aborts=1
sandbox_PMIX_denials_before_fixture_entry=1
serial_wall_seconds=0.11
serial_peak_RSS_kib=6096
serial_fixture_sha256=25b26dc2feb5b6f40159b58abbca8ec8fbfb2fa89ed47b01ff8d40307c0de525
mpi_fixture_sha256=f54e87056f5c6db5a223c27c8d3797184dd8bdc77ea9458414e69dc99f826162
strict_fixture_build=PASS
project_warning_negative_compile=PASS
evidence_report=docs/grchombo/milestone1c_distributed_ghost_boundary_ownership.md
Audit_M1_ABC_may_begin=true

M1_D_HDF5_CHECKPOINT_RESTART_QUALIFICATION
date=2026-07-31
source_checkpoint=191dae42158f1f1f79514fea7d1d7008c70faaa5
classification=M1-D_PASS_HDF5_CHECKPOINT_AND_RESTART_QUALIFIED
production_source_changes=none
test_changes=none
build_file_changes=none
parameter_semantics_changes=none
external_dependency_changes=none
configuration=CH_SPACEDIM2_GR_SPACEDIM4_DEFAULT_TENSOR_DIM4
mpi_ranks=2
Nx=8
Nz=16
dx=0.125
dz=0.125
cfl=0.05
dt=0.00625
ko_sigma=0.3
constraint_diagnostic_cadence=0
box_layout=(0:7,0:7)_rank0,(0:7,8:15)_rank1
continuous_steps=8
segment_steps=4
restart_steps=4
t_mid=0.025
t_final=0.05
successful_required_paths=continuous,checkpoint_segment,restarted_continuation
numerical_launches=4
restart_retry_reason=locked_restart_path_does_not_create_new_hdf5_subpath
restart_retry_resolution=precreate_declared_output_directory
restart_retry_code_or_parameter_change=none
restart_from_different_working_directory=PASS
restart_absolute_checkpoint_path=PASS
restart_initialData_valid_level_calls=0
restart_loaded_iteration=4
restart_loaded_time=0.025
restart_final_iteration=8
restart_final_time=0.05
checkpoint_num_components=18
checkpoint_component_names_and_order=PASS
checkpoint_layout_and_periodicity=PASS
checkpoint_gauge_theta_gamma_retention=PASS
restart_normal_ghost_refresh_before_RHS=PASS
plot_all_18_fields=PASS
plot_distinct_from_checkpoint=PASS
continuous_vs_restart_all_18_Linf=0
continuous_vs_restart_all_18_weighted_L2=0
continuous_final_valid_sha256=578829dffdf2b382917fd9950df2a566722d5fdd679ed1b302bebd2016ce8177
restart_final_valid_sha256=578829dffdf2b382917fd9950df2a566722d5fdd679ed1b302bebd2016ce8177
initial_valid_sha256=67d5e58be9e94e5fe770a06ecf3faa577d80bb8d144d5847702f55e637d69e2d
maximum_GP_drift=1.844962626942737e-2
maximum_GP_drift_field=K
maximum_determinant_defect=4.440892098500626e-16
maximum_weighted_trace_defect=2.220446049250313e-16
all_valid_state_finite=true
missing_file_gate=LOCKED_PARAMETER_READABILITY_CHECK
truncated_file_gate=HDF5_OPEN_REJECTED
incompatible_variable_gate=LOCKED_COUNT_AND_NAME_CHECKS
continuous_wall_seconds=0.29
continuous_peak_RSS_kib=38696,38720
segment_wall_seconds=0.23
segment_peak_RSS_kib=37800,37640
restart_wall_seconds=0.25
restart_peak_RSS_kib=38452,38388
midpoint_checkpoint_bytes=67752
continuous_checkpoint_bytes=67752
restart_checkpoint_bytes=67752
plot_bytes=29664
restart_load_timer=NOT_SEPARATELY_EXPOSED_WHOLE_PATH_UPPER_BOUND_0.25_SECONDS
executable_sha256=4288e1213976841b7a113c37eb30a4a5a4dc35e5101b56768fc4b738b6b3464d
continuous_parameter_sha256=e811fe4d9749cee260f4ce955cdcaa2af864d5d143aee4abacf42f3fa1bd36d7
segment_parameter_sha256=8c326a273a155b8d6a6df976034e090caddbbbfa39d22ceb90628d2c59cff4c4
restart_parameter_sha256=b6c9a0ba42ce1861534fb804a1e1a44555b2dd8a475813857175c9aad82b69e4
provenance_manifest=docs/grchombo/milestone1d_provenance_manifest.json
evidence_report=docs/grchombo/milestone1d_hdf5_checkpoint_restart.md
M1_E_may_begin=true
