M2B_CYCLE1_AUTHORITATIVE_REPLAY
date=2026-08-05
classification=M2B_CYCLE1_PASS_AUTHORITATIVE_RETAINED_EVIDENCE_WITHIN_16_ATTEMPT_CEILING
production_defect=false
production_or_fixture_source_modified_by_replay=false
evidence_recovery_is_production_repair_cycle=false
starts_M2C=false

[provenance]
branch=supervised/m2b-cycle1
head=7d04b5b9882dcd476c1457b8d711ac7b5520b2c1
base=7d04b5b9882dcd476c1457b8d711ac7b5520b2c1
external_bundle=/home/inaeyk/researchrepo/evidence/GL-with-AI/m2b-cycle1-final
implementation_diff_command=git_diff_--binary_--no-ext-diff_BASE_--_code/BlackStringToy_|_sha256sum
implementation_diff_sha256=a48f4e8e382e14d7591966151ce6ac1a282393d4c14c580d77639bab7e2ce0eb
grchombo_commit=37e659523830418b210acea1661dac0e00bb1b75
chombo_commit=8684f2e000106f1abadb72642e1d15351867f98f
compiler=GCC_15.2.0
fortran=GNU_Fortran_15.2.0
mpi=Open_MPI_5.0.10
hdf5=parallel_OpenMPI_HDF5_1.14.6

[executables]
m1_nohdf_bytes=1803560
m1_nohdf_sha256=e193223ab598599ab03f3ed14eb9eb5ecf5394dd08b1693986bad418c445e67d
m2b_final16_nohdf_bytes=1918376
m2b_final16_nohdf_sha256=fcc32014d1b7258c310cded66809129c51baff30b1442d35867c92f305c5ed85
m2b_final16_hdf_bytes=2119992
m2b_final16_hdf_sha256=1c466dcd737000fee00e7b3a0c811f8066db5fbc9df14508a74a161de3e1d2de

[parameter_preflight]
required_key_check=PASS
array_length_check=PASS
parameter_only_runtime_check=PASS_NO_AMR_NO_EVOLUTION
output_directories=PASS
vars_parity=0_0_4_0_0_0_0_4_0_0_0_1_2_0_1_2_1_2
launch14_caseA_parameter_sha256=52b8be9d919d906e7a77575287d012354586cef04ef5944001cb4ed4613180dc
launch14_caseB_parameter_sha256=04fc9b60e69233cd7211c33dca09dd0b6232777e447f681316d8df514eafddb6
launch15_parameter_sha256=3d0f3f872c3d0c8a52e70fa726bd03e4265c24801b7d8d123cb60f0cd1e064c2
launch16_caseA_parameter_sha256=1ca68413c4faeae49e23eeb92053375db3e693e630f8a97ff325a42ea47ee7ad
launch16_caseB_parameter_sha256=8e3d13847ac8afaf82781380cb70915268a6a0483b5d67a25b58897d1cb0caa6

[launch_ledger]
final_ceiling=16
launch_1_through_10=HISTORICAL_INCOMPLETELY_RETAINED
hidden_retries_1_through_10_disproved=false
launch_11=PRE_EVOLUTION_EVIDENCE_CONFIGURATION_ABORT_EXIT_134_NO_USABLE_TIMING_OR_STATE
launch_12=AUTHORITATIVE_ACCEPTED_M1_TIMING_BASELINE_EXIT_0
launch_13=PRE_EVOLUTION_PARAMETER_VALIDATION_ABORT_MISSING_VARS_PARITY_EXIT_134
launch_13_amr_setup=false
launch_13_initialization=false
launch_13_RK_or_RHS=false
launch_13_checkpoint_or_state=false
launch_14=COMBINED_M2B_TIMING_AND_MEDIUM_CONTINUOUS_CASES_EXIT_0
launch_15=CURRENT_CHECKPOINT_RESTART_EXIT_0
launch_16=COMBINED_FINE_GP_AND_CORRECTED_SEED_CASES_EXIT_0
hidden_retry_14_through_16=false
launches_used=16
launch_ceiling=16
launch17_permitted=false

[focused_gates_already_accepted]
transform_roundtrip=PASS
reduced_rank_23_and_condition_below_1e3=PASS
both_normal_classification_and_horizon_ninefold_glancing=PASS
Gamma_Z_absolute_normalized_refinement=PASS
sign_hidden_multiplicity_normal_omitted_coupling_mutations=REJECTED
nonlinear_determinant_and_trace_reconstruction=PASS
dependent_RHS_chain_rule=PASS
all_18_slots_three_ghost_layers_no_valid_overwrite=PASS
MPI_seams_exchange_only=PASS
focused_fixture_terminal=BLACKSTRING_M2B_CYCLE1_FOCUSED_PASS

[matched_performance_launch12_vs_launch14_caseA]
grid=256x512
boxes=32
ranks=2
warmup_steps=0-4
timed_steps=5-24
timed_step_count=20
valid_cells=131072
rhs_stages=80
valid_cell_rhs_evaluations=10485760
m1_timed_seconds=7.964000000
m2b_timed_seconds=7.954706445
m1_seconds_per_step=0.398200000
m2b_seconds_per_step=0.39773532225
m1_seconds_per_valid_cell_rhs=7.595062255859375e-7
m2b_seconds_per_valid_cell_rhs=7.586199231147767e-7
m1_throughput=1316644.902059267
m2b_throughput=1318183.150126290
m1_peak_rss_kib_rank0=77756
m1_peak_rss_kib_rank1=77920
m2b_peak_rss_kib_rank0=78668
m2b_peak_rss_kib_rank1=78668
m1_estimated_total_rss_kib=155676
m2b_estimated_total_rss_kib=157336
runtime_overhead_percent=-0.116695
peak_rank_rss_overhead_percent=0.959959
estimated_total_rss_overhead_percent=1.066317
executable_size_overhead_percent=6.366076
slowdown_gate_at_most_15_percent=PASS

[medium_GP]
launch=14_caseB
grid=256x512
boxes=32
ranks=2
step25_time=1.95312500000000069e-02
step50_time=3.90624999999999861e-02
step25_checkpoint_sha256=50e69608484d7ddcdd856a04708b8ec5239229c76eb61a79537c8cc798465035
step25_state_sha256=ccde97bfe2bdf0d10aeb3dfeaf12a1ae38a93c7a8d5bacac81cb1403fd798704
step50_state_sha256=c01858b4b871d3749b7d67ecdf03d762305b3c9770c1b276e8be8a7860493513
step50_H_linf=1.77535645082826932e-05
step50_Mx_linf=6.00210873393791644e-05
step50_Mz_linf=6.50715896145754596e-14
step50_Zx_linf=7.45984766684882192e-07
step50_Zz_linf=3.04876460759740048e-15
step50_det_linf=4.44089209850062616e-16
step50_trace_linf=4.44089209850062616e-16
step50_minimum_metric_eigenvalue=9.99999926468350675e-01
step50_maximum_metric_condition=1.00000022365074237e+00
finite_admissible=PASS
worst_spurious_z=3.907985046680551e-14
worst_compact_nyquist=0
worst_radial_nyquist=5.568139002502283e-09
worst_parity_absolute=2.1007740482816413e-15
low_high_solution_fills=301_301
low_high_dependent_RHS_surface_calls=200_200
internal_MPI_seams=exchange_only
all_18_drift_table=docs/grchombo/milestone2b_cycle1_evidence.md_AND_postprocessed/final16/medium_fine_metrics.tsv

[fine_GP]
launch=16_caseA
grid=512x1024
boxes=128
ranks=2
final_time=1.95312499999999931e-02
final_state_sha256=e1acce94c19caa4a6265f95d3524232e299b5f12796791d22157d4658040299a
H_linf=4.04844087142919307e-07
Mx_linf=5.19013878985674637e-06
Mz_linf=5.37685945603028849e-13
Zx_linf=4.41014401180444970e-08
Zz_linf=5.41896597711571125e-15
det_linf=4.44089209850062616e-16
trace_linf=4.44089209850062616e-16
minimum_metric_eigenvalue=9.99999997858193157e-01
maximum_metric_condition=1.00000000710882753e+00
finite_admissible=PASS
worst_spurious_z=8.260059303211165e-14
worst_compact_nyquist=0
worst_radial_nyquist=2.1548210524940936e-10
worst_parity_absolute=2.4960764145930366e-14
medium_fine_common_time_nonroundoff_fields=IMPROVED_OR_CONTROLLED_NO_ORDER_CLAIM
internal_MPI_seams=exchange_only

[checkpoint_restart]
launch=15
initializer_bypassed=true
restored_step=25
restored_time=1.95312500000000069e-02
restored_variables=18
restored_boxes=32
restored_ranks=2
final_step=50
final_time=3.90624999999999861e-02
step25_canonical_hash_equal=true
step25_bitwise_equal=true
step50_canonical_hash_equal=true
step50_bitwise_equal=true
all_variable_linf=0
all_variable_weighted_l2=0
worst_variable_cell=NONE_ALL_ZERO
constraints_determinant_trace=IDENTICAL_CELLWISE
internal_MPI_seams=exchange_only

[corrected_seed]
launch=16_caseB
grid=32x16
ranks=2
mode=1
epsilon=1e-9
svd_rank=148
largest_retained_singular=1.10345970141320072e+03
smallest_retained_singular=3.31041510990156347e-04
first_rejected_singular=3.73021449923945517e-10
condition=3.33329707840178302e+06
scaled_rms=1.27330207822086909e-20
linear_residual=1.17344882779089100e-10
amplitude_renormalization=7.34042614250080069e-10
physical_norm_retention=1.58630988860001976e+00
amplitude_error=0
determinant=2.22044604925031308e-16
weighted_trace=1.11022302462515654e-16
buffer_amplitude_defect=0
H_before_after_max=1.26616935190753849e-08_4.08047783931082506e-20
Mx_before_after_max=1.31759486549391953e-09_6.00732631999734479e-20
Mz_before_after_max=1.43847432103178209e-10_6.75305181240905902e-20
Zx_before_after_max=1.11085565724575339e-09_2.08189895484128174e-20
Zz_before_after_max=1.82446588297068812e-09_8.61361445240317595e-20
initial_mode_purity=0.9999999999999933
final_mode_purity=0.9999999999997801
initial_parity_leakage_power=1.0895832283589941e-32
final_parity_leakage_power=2.0182412754017204e-16
mode_amplitude_retention=0.9997011426945674
final_state_sha256=add7e5eaf7132a8b1e96e62bf9b110b403eb0003750efefe7058b70585251f8c
final_time=5e-4
finite_admissible=PASS
minimum_metric_eigenvalue=9.99998192471071357e-01
maximum_metric_condition=1.00000717948699691e+00
background_coarse_full_state_Mx_initial_final=3.05307687791467330e-01_3.03637514874445458e-01
interpretation=BOUNDED_SMOKE_ONLY_NOT_M2C_MODE_EVIDENCE

[limitations]
M2C_growth_rate=false
nonlinear_physics=false
long_time_stability=false
formal_convergence_order=false
AMR=false
AHFinder=false
historical_launches_1_through_10_independently_reconstructable=false

[hygiene]
external_bundle_retained=PASS
staged_area_empty=PASS
generated_replay_suffix_artifacts_absent=PASS
audit_generated_dummy_absent=PASS
generated_source_like_artifacts_absent=PASS
dependency_checkouts_clean=PASS
git_diff_check=PASS
staged_diff_hygiene=PASS
only_intended_M2B_source_fixtures_reports_and_status_paths=PASS
