MILESTONE_2A_ALGEBRAIC_MANIFOLD_DESIGN_REVISION
date=2026-08-03
change_scope=documentation_and_derivation_only
status_authority=research_plan/stage_checklists.md
source_checkpoint=4330845
codegraph_first=true
implementation_started=false
builds=none
fixtures=none
numerical_launches=0

classification=M2-A_DESIGN_READY
classification_literal=M2-A DESIGN READY
audit_status=FOCUSED_ALGEBRAIC_MANIFOLD_DESIGN_AUDIT_REQUIRED_BEFORE_M2B
audit_scope=algebraic_elimination,reduced_principal_matrix,both_normal_transforms,boundary_ownership,Gamma_Z_gate,seed_correction
implementation_authorized_after_audit=true

historical_raw_state_dimension=26
historical_raw_status=FAILED_COMPLETE_RAW_TRANSFORM_PRESERVED_AS_EVIDENCE
historical_raw_defect=determinant_weighted_trace_Jordan_block
historical_raw_derivative_algebraic_multiplicity=2
historical_raw_derivative_geometric_multiplicity=1
historical_raw_condition_number=infinity

independent_stored_slots=chi,hxx,hxz,hzz,K,Axx,Axz,Azz,Theta,GammaX,GammaZ,lapse,shiftX,shiftZ,Bx,Bz
dependent_stored_slots=hww,Aww
dependent_metric_formula=hww_equals_positive_Delta_power_minus_one_half
dependent_A_formula=Aww_equals_minus_open_hzz_Axx_minus_2_hxz_Axz_plus_hxx_Azz_close_over_2_Delta_power_three_halves
metric_admissibility=hxx_positive,hzz_positive,Delta_positive,relative_Delta_at_least_1e-14,metric_block_kappa2_at_most_1e8
metric_failure=M2-B_ALGEBRAIC_RECONSTRUCTION_ADMISSIBILITY_FAILURE

reduced_principal_state_dimension=23
reduced_derivative_dynamic_dimension=16
reduced_zero_order_dimension=7
reduced_characteristic_polynomial=lambda_power_5_times_lambda_plus_b_power_4_times_open_lambda_plus_b_squared_minus_1_close_power_4_times_lapse_times_transverse_shift_times_longitudinal_shift_quadratics
reduced_basis_complete=true
reduced_positive_b_singularity=b_equals_1_over_8_outside_locked_domain
horizon_b_equals_1=five_permanent_zero_speed_characteristic_fields_plus_four_light_speed_fields_additionally_zero
horizon_zero_eigenvalue_algebraic_multiplicity=9
horizon_zero_eigenvalue_geometric_multiplicity=9
horizon_zero_eigenvectors_independent=9
horizon_reduced_23_by_23_transform=full_rank_and_diagonalizable
horizon_scaled_full_transform_kappa2=31.112685441
locked_domain=x_over_r0_from_0.5_to_4.5
scaled_full_transform_kappa2_max=36.701445735
scaled_full_transform_kappa2_max_location=x_over_r0_0.5
scaled_transform_kappa2_gate=1e3
transform_rank_relative_tolerance=1e-12
transform_roundtrip_tolerance=5e-12

outer_normal=plus_x
inner_normal=minus_x
inner_transform=T_plus_times_D_minus
inner_inverse=D_minus_times_R_plus
normal_flip_derivative_entries=qchi,dxx,dxz,dzz,qalpha,rx,rz
inner_boundary=mixed_characteristic
inner_incoming=lapse_negative_root,transverse_shift_negative_root,longitudinal_shift_negative_root
inner_incoming_data=fixed_GP_gauge
inner_face_incoming_speed_margin=0.410927
inner_first_cell_incoming_speed_margin=0.426240
strict_inner_excision=false
outer_incoming_physical=T_X_plus,T_Z_plus
outer_incoming_constraint=T_C_plus,T_z_light_plus
outer_incoming_gauge=lapse_positive_root,transverse_shift_positive_root,longitudinal_shift_positive_root
outer_incoming_advected=chi,hxx,hxz,hzz
outer_outgoing=equality_to_fourth_order_interior_characteristic_extrapolants
zero_speed_treatment=equality_to_fourth_order_interior_extrapolants
outer_J_inventory=inside_transverse_T_z_light_family
outer_F_inventory=inside_lapse_and_scalar_families
outer_G_inventory=inside_complete_longitudinal_shift_family

independent_ghost_unknown_count=48
stored_ghost_value_count=54
ghost_layers=3
ghost_method=fixed_degree_5_primitive_Hermite_and_degree_4_dynamical_interpolation
dependent_ghost_reconstruction=exact_before_derivative_or_KO_access
formal_boundary_order=4
boundary_complexity=O_Nz
per_cell_allocation=false
runtime_eigensystem=false
second_volume_RHS_pass=false

outer_surface_RHS=single_live_independent_RHS_using_characteristic_ghosts_no_componentwise_override
dependent_surface_RHS=time_derivative_of_nonlinear_hww_Aww_reconstruction
cleanup=existing_once_after_each_RK_update
double_cleanup_application=false
MPI_seams=exchange_only

Gamma_Z_status=HELPER_CAN_BE_VALIDATED_WITHIN_M2-B
Gamma_Z_absolute_tolerance=5e-12_over_r0
Gamma_Z_normalized_tolerance=2e-11
Gamma_Z_fd_halving_tolerance=5e-9
Gamma_Z_mutation_failure_floor=1e-6_over_r0
Gamma_Z_random_jet_count=256
Gamma_Z_random_seed=0x4d32415a
Gamma_Z_physical_launch_gate=must_pass

seed_correction_variables=chi,hxx,hxz,hzz,K,Axx,Axz,Azz,GammaX,GammaZ
seed_enforced_differential_rows=Hamiltonian,Mx,Mz,Zx,Zz
seed_algebraic_rows=removed_enforced_exactly_by_reconstruction
seed_boundary_buffer=4_valid_cells_each_face
seed_SVD_relative_cutoff=1e-12
seed_conditioning_limit=1e12
seed_scaled_RMS_tolerance=1e-8_times_amplitude
seed_H_M_max_tolerance=5e-8_times_amplitude
seed_Gamma_Z_max_tolerance=1e-10_times_amplitude
seed_boundary_characteristic_tolerance=1e-11_times_amplitude
seed_amplitude_tolerance=5e-13
seed_minimum_retained_physical_norm_fraction=0.25
evolution_time_constraint_projection=false
D16_projection_reused=false

SAT_fallback=REMOVED
WKB_fallback=PROHIBITED
dense_spectrum_fallback=PROHIBITED
reduced_symbol_failure_response=HUMAN_REVIEW_GAUGE_CHANGE_OR_DIFFERENT_INNER_GEOMETRY
automatic_third_characteristic_formulation=false

design_documents=docs/derivations/milestone2a_radial_characteristic_derivation.md,docs/grchombo/milestone2a_characteristic_constraint_design.md
production_code_changes=none
test_or_fixture_changes=none
parameter_changes=none
build_file_changes=none
external_dependency_changes=none
historical_numerical_evidence_changes=none
M2B_started=false
M2C_started=false
