ROADMAP_REORGANIZATION_AFTER_D16
date=2026-07-30
change_scope=documentation_only
status_authority=research_plan/stage_checklists.md

completed_package_1=mathematical_and_dependency_foundation
completed_package_2=production_core_adaptation
completed_package_3=production_stabilization
completed_package_4=physical_mode_investigation_closed_inconclusive

engineering_conclusion=KO_stabilized_serial_production_core_functional
physical_conclusion=no_credible_boundary_independent_constraint_compatible_GL_mode_identified
d16_conclusion=instantaneous_constraint_nullspace_not_sufficiently_invariant_under_live_tangent_map
spectral_projection_policy=further_fixture_only_projection_stopped

active_milestone_1=cluster_execution_baseline
active_milestone_2=physical_radial_and_constraint_strategy
active_milestone_3=linear_GL_acceptance
active_milestone_4=nonlinear_and_observable_readiness
active_milestone_5=scientific_release_gate

checkpoint_G_engineering=PASS_commit_b63ad39
checkpoint_G_physics=BLOCKED
checkpoint_G_overall=BLOCKED_until_both_pass

deactivated_labels=D17,Stage_4AO_D_F,Stage_4AP_through_4AU,Checkpoints_H_I,legacy_Stage_5_through_9
historical_evidence=D1_through_D16_preserved_without_renumbering_or_log_rewrite

workflow=deliverable_based
diagnostic_contract=hypothesis,decision,run_budget,production_action_for_every_outcome
repair_cycle_limit=2_per_subsystem_before_architecture_review
fixture_only_analysis=allowed_only_when_directly_informing_production_decision
validation=delta_based_reuse_committed_evidence
independent_audit=production_equations,boundaries,gauge,AMR_MPI,horizons,scientific_acceptance,milestone_closure
documentation_only_second_audit=not_required
production_budget=one_target_d4_RHS,no_release_test_instrumentation,no_per_cell_allocation_or_logging,configurable_diagnostics,measure_runtime_memory_scaling
framework_growth=no_new_eigensolver_or_dense_spectral_framework_without_explicit_human_approval
claim_partition=engineering_evidence,numerical_evidence,physical_interpretation

code_changes=none
test_changes=none
parameter_changes=none
historical_numerical_evidence_changes=none
